[INFO] Scanning for projects...
[INFO] 
[INFO] -----------------------< com.example:HUTECHBUS >------------------------
[INFO] Building  0.0.1-SNAPSHOT
[INFO]   from pom.xml
[INFO] --------------------------------[ jar ]---------------------------------
[INFO] 
[INFO] --- clean:3.5.0:clean (default-clean) @ HUTECHBUS ---
[INFO] Deleting D:\PROJECT\HUTECH_BUS\target
[INFO] 
[INFO] --- resources:3.3.1:resources (default-resources) @ HUTECHBUS ---
[INFO] Copying 1 resource from src\main\resources to target\classes
[INFO] Copying 7 resources from src\main\resources to target\classes
[INFO] 
[INFO] --- compiler:3.14.1:compile (default-compile) @ HUTECHBUS ---
[INFO] Recompiling the module because of changed source code.
[INFO] Compiling 19 source files with javac [debug parameters release 25] to target\classes
[INFO] ------------------------------------------------------------------------
[INFO] BUILD FAILURE
[INFO] ------------------------------------------------------------------------
[INFO] Total time:  1.128 s
[INFO] Finished at: 2026-03-22T02:16:04+07:00
[INFO] ------------------------------------------------------------------------
[ERROR] Failed to execute goal org.apache.maven.plugins:maven-compiler-plugin:3.14.1:compile (default-compile) on project HUTECHBUS: Fatal error compiling: error: release version 25 not supported -> [Help 1]
[ERROR] 
[ERROR] To see the full stack trace of the errors, re-run Maven with the -e switch.
[ERROR] Re-run Maven using the -X switch to enable full debug logging.
[ERROR] 
[ERROR] For more information about the errors and possible solutions, please read the following articles:
[ERROR] [Help 1] http://cwiki.apache.org/confluence/display/MAVEN/MojoExecutionException
