[INFO] Scanning for projects...
[INFO] 
[INFO] -----------------------< com.example:HUTECHBUS >------------------------
[INFO] Building  0.0.1-SNAPSHOT
[INFO]   from pom.xml
[INFO] --------------------------------[ jar ]---------------------------------
[INFO] 
[INFO] --- clean:3.4.1:clean (default-clean) @ HUTECHBUS ---
[INFO] Deleting C:\Users\coem3\Downloads\New folder (2)\a\HUTECH_BUS\target
[INFO] 
[INFO] --- resources:3.3.1:resources (default-resources) @ HUTECHBUS ---
[INFO] Copying 1 resource from src\main\resources to target\classes
[INFO] Copying 25 resources from src\main\resources to target\classes
[INFO] 
[INFO] --- compiler:3.13.0:compile (default-compile) @ HUTECHBUS ---
[INFO] Recompiling the module because of changed source code.
[INFO] Compiling 42 source files with javac [debug parameters release 17] to target\classes
[INFO] ------------------------------------------------------------------------
[INFO] BUILD SUCCESS
[INFO] ------------------------------------------------------------------------
[INFO] Total time:  12.239 s
[INFO] Finished at: 2026-03-25T14:38:21+07:00
[INFO] ------------------------------------------------------------------------
